---
source: apps/terminal/crates/mutx/src/effort_ignition.rs
assertion_line: 841
expression: out
---
    0ms
│············································│
│··›·keep·my·draft·exactly·as·typed··········│
│············································│
  250ms
│············································│
│··›·keep·my·draft·exactly·as·typed··········│
│············································│
  500ms
│·░░░▒▒▒▒▒▒▒▒░░░·····························│
│·░›░keep▒my▒draft·exactly·as·typed··········│
│·░░░▒▒▒▒▒▒▒▒░░░·····························│
  750ms
│··░░░▒▒▒▒▒▒▒▒░░░······················░░░▒▒▓│
│··›░keep▒my▒draft·exactly·as·typed····░░░▒▒▓│
│··░░░▒▒▒▒▒▒▒▒░░░······················░░░▒▒▓│
  950ms
│·······································░░▓·▒│
│··›·keep·my·draft·exactly·as·typed·····░░▓▒▒│
│·······································░░▓▒▒│
 1050ms
│··········································✦·│
│··›·keep·my·draft·exactly·as·typed··········│
│············································│
 1150ms
│··········································✧·│
│··›·keep·my·draft·exactly·as·typed··········│
│············································│
 1290ms
│············································│
│··›·keep·my·draft·exactly·as·typed··········│
│············································│
