---
source: nuo-tui/src/snapshot_tests.rs
expression: "render_grid(&m, 80, 14)"
---
- Ask 2 questions · Scope · Layout (0ms)
  Scope
  How large should the refactor be? (2 options)
  ↳ Rework the whole telemetry modal

  Layout
  Which layout pieces? (3 options, multi-select)
  ↳ Vertical stepper
    Delta column

backgrounds:
A=#070808  B=#111312  .=reset
0: A80
1: B80
2: B80
3: B80
4: B80
5: B80
6: B80
7: B80
8: B80
